formula_images_1.png 0
formula_images_2.png 1
formula_images_3.png 2
formula_images_4.png 3
formula_images_5.png 4
formula_images_6.png 5
formula_images_7.png 6
formula_images_8.png 7
formula_images_9.png 8
formula_images_10.png 9
formula_images_11.png 10
formula_images_12.png 11
formula_images_13.png 12
formula_images_14.png 13
formula_images_15.png 14
formula_images_16.png 15
formula_images_17.png 16
formula_images_18.png 17
formula_images_19.png 18
formula_images_20.png 19
formula_images_21.png 20
formula_images_22.png 21
formula_images_23.png 22
formula_images_24.png 23
formula_images_25.png 24
formula_images_26.png 25
formula_images_27.png 26
formula_images_28.png 27
formula_images_29.png 28
formula_images_30.png 29
formula_images_31.png 30
formula_images_32.png 31
formula_images_33.png 32
formula_images_34.png 33
formula_images_35.png 34
formula_images_36.png 35
formula_images_37.png 36
formula_images_38.png 37
formula_images_39.png 38
formula_images_40.png 39
formula_images_41.png 40
formula_images_42.png 41
formula_images_43.png 42
formula_images_44.png 43
formula_images_45.png 44
formula_images_46.png 45
formula_images_47.png 46
formula_images_48.png 47
formula_images_49.png 48
formula_images_50.png 49
formula_images_51.png 50
formula_images_52.png 51
formula_images_53.png 52
formula_images_54.png 53
formula_images_55.png 54
formula_images_56.png 55
formula_images_57.png 56
formula_images_58.png 57
formula_images_59.png 58
formula_images_60.png 59
formula_images_61.png 60
formula_images_62.png 61
formula_images_63.png 62
formula_images_64.png 63
formula_images_65.png 64
formula_images_66.png 65
formula_images_67.png 66
formula_images_68.png 67
formula_images_69.png 68
formula_images_70.png 69
formula_images_71.png 70
formula_images_72.png 71
formula_images_73.png 72
formula_images_74.png 73
formula_images_75.png 74
formula_images_76.png 75
formula_images_77.png 76
formula_images_78.png 77
formula_images_79.png 78
formula_images_80.png 79
formula_images_81.png 80
formula_images_82.png 81
formula_images_83.png 82
formula_images_84.png 83
formula_images_85.png 84
formula_images_86.png 85
formula_images_87.png 86
formula_images_88.png 87
formula_images_89.png 88
formula_images_90.png 89
formula_images_91.png 90
formula_images_92.png 91
formula_images_93.png 92
formula_images_94.png 93
formula_images_95.png 94
formula_images_96.png 95
formula_images_97.png 96
formula_images_98.png 97
formula_images_99.png 98
formula_images_100.png 99
formula_images_101.png 100
formula_images_102.png 101
formula_images_103.png 102
formula_images_104.png 103
formula_images_105.png 104
formula_images_106.png 105
formula_images_107.png 106
formula_images_108.png 107
formula_images_109.png 108
formula_images_110.png 109
formula_images_111.png 110
formula_images_112.png 111
formula_images_113.png 112
formula_images_114.png 113
formula_images_115.png 114
formula_images_116.png 115
formula_images_117.png 116
formula_images_118.png 117
formula_images_119.png 118
formula_images_120.png 119
formula_images_121.png 120
formula_images_122.png 121
formula_images_123.png 122
formula_images_124.png 123
formula_images_125.png 124
formula_images_126.png 125
formula_images_127.png 126
formula_images_128.png 127
formula_images_129.png 128
formula_images_130.png 129
formula_images_131.png 130
formula_images_132.png 131
formula_images_133.png 132
formula_images_134.png 133
formula_images_135.png 134
formula_images_136.png 135
formula_images_137.png 136
formula_images_138.png 137
formula_images_139.png 138
formula_images_140.png 139
formula_images_141.png 140
formula_images_142.png 141
formula_images_143.png 142
formula_images_144.png 143
formula_images_145.png 144
formula_images_146.png 145
formula_images_147.png 146
formula_images_148.png 147
formula_images_149.png 148
formula_images_150.png 149
formula_images_151.png 150
formula_images_152.png 151
formula_images_153.png 152
formula_images_154.png 153
formula_images_155.png 154
formula_images_156.png 155
formula_images_157.png 156
formula_images_158.png 157
formula_images_159.png 158
formula_images_160.png 159
formula_images_161.png 160
formula_images_162.png 161
formula_images_163.png 162
formula_images_164.png 163
formula_images_165.png 164
formula_images_166.png 165
formula_images_167.png 166
formula_images_168.png 167
formula_images_169.png 168
formula_images_170.png 169
formula_images_171.png 170
formula_images_172.png 171
formula_images_173.png 172
formula_images_174.png 173
formula_images_175.png 174
formula_images_176.png 175
formula_images_177.png 176
formula_images_178.png 177
formula_images_179.png 178
formula_images_180.png 179
formula_images_181.png 180
formula_images_182.png 181
formula_images_183.png 182
formula_images_184.png 183
formula_images_185.png 184
formula_images_186.png 185
formula_images_187.png 186
formula_images_188.png 187
formula_images_189.png 188
formula_images_190.png 189
formula_images_191.png 190
formula_images_192.png 191
