x^2 + y^2 = z^2
\frac{a}{b} + \frac{c}{d} = \frac{ad + bc}{bd}
\int_{0}^{\infty} e^{-x} dx = 1
\sum_{i=1}^{n} i = \frac{n(n+1)}{2}
\lim_{x \to 0} \frac{\sin x}{x} = 1
\nabla \times \vec{F} = \vec{0}
\forall x \in \mathbb{R}, \exists y \in \mathbb{R} : x + y = 0
\frac{d}{dx}[f(x)g(x)] = f'(x)g(x) + f(x)g'(x)
\int f(x) \, dx = F(x) + C
\oint_C \vec{F} \cdot d\vec{r} = \iint_S \nabla \times \vec{F} \cdot d\vec{S}
\sqrt{a^2 + b^2}
\log_a(xy) = \log_a(x) + \log_a(y)
\sin^2 \theta + \cos^2 \theta = 1
e^{i\pi} + 1 = 0
\frac{1}{1-x} = \sum_{n=0}^{\infty} x^n, |x| < 1
\binom{n}{k} = \frac{n!}{k!(n-k)!}
\vec{a} \cdot \vec{b} = |a||b|\cos\theta
\mathbb{P}(A|B) = \frac{\mathbb{P}(A \cap B)}{\mathbb{P}(B)}
\frac{\partial^2 u}{\partial t^2} = c^2 \nabla^2 u
\int_{-\infty}^{\infty} e^{-x^2} dx = \sqrt{\pi}
\det(A) = \sum_{i=1}^{n} a_{i\sigma(i)}
\mathcal{L}\{f(t)\} = F(s) = \int_{0}^{\infty} e^{-st}f(t) dt
\vec{F} = -\nabla V
\Delta x \Delta p \geq \frac{\hbar}{2}
\frac{d^2 y}{dx^2} + p(x)\frac{dy}{dx} + q(x)y = f(x)
\lim_{n \to \infty} \left(1 + \frac{1}{n}\right)^n = e
\int_a^b f(x) dx = F(b) - F(a)
\frac{dP}{dt} = rP(1-\frac{P}{K})
\sin(\alpha \pm \beta) = \sin \alpha \cos \beta \pm \cos \alpha \sin \beta
\cos(\alpha \pm \beta) = \cos \alpha \cos \beta \mp \sin \alpha \sin \beta
\tan(\alpha \pm \beta) = \frac{\tan \alpha \pm \tan \beta}{1 \mp \tan \alpha \tan \beta}
\log_a(b) = \frac{\log_c(b)}{\log_c(a)}
\frac{d}{dx}(e^x) = e^x
\frac{d}{dx}(\ln x) = \frac{1}{x}
\frac{d}{dx}(\sin x) = \cos x
\frac{d}{dx}(\cos x) = -\sin x
\frac{d}{dx}(\tan x) = \sec^2 x
\int x^n dx = \frac{x^{n+1}}{n+1} + C, n \neq -1
\int \frac{1}{x} dx = \ln|x| + C
\int e^x dx = e^x + C
\int \sin x dx = -\cos x + C
\int \cos x dx = \sin x + C
\int \tan x dx = \ln|\sec x| + C
\int \sec x dx = \ln|\sec x + \tan x| + C
\int \csc x dx = \ln|\csc x - \cot x| + C
\int \cot x dx = \ln|\sin x| + C
\int \sec^2 x dx = \tan x + C
\int \csc^2 x dx = -\cot x + C
\int \sec x \tan x dx = \sec x + C
\int \csc x \cot x dx = -\csc x + C
\int \frac{1}{a^2 + x^2} dx = \frac{1}{a} \arctan\frac{x}{a} + C
\int \frac{1}{\sqrt{a^2 - x^2}} dx = \arcsin\frac{x}{a} + C
\int \frac{1}{x^2 - a^2} dx = \frac{1}{2a} \ln\left|\frac{x-a}{x+a}\right| + C
\int \frac{1}{\sqrt{x^2 \pm a^2}} dx = \ln|x + \sqrt{x^2 \pm a^2}| + C
\int \frac{1}{(x+a)(x+b)} dx = \frac{1}{b-a} \ln\left|\frac{x+a}{x+b}\right| + C
\int u dv = uv - \int v du
\lim_{x \to a} \frac{f(x) - f(a)}{x - a} = f'(a)
\lim_{h \to 0} \frac{f(x+h) - f(x)}{h} = f'(x)
\left( \begin{array}{cc} a & b \\ c & d \end{array} \right) \left( \begin{array}{c} x \\ y \end{array} \right) = \left( \begin{array}{c} ax + by \\ cx + dy \end{array} \right)
\sum_{k=0}^{n} \binom{n}{k} = 2^n
\sum_{k=0}^{n} \binom{n}{k}x^k y^{n-k} = (x+y)^n
\int_{C} f(z) dz = 0
\oint_{|z|=r} \frac{dz}{z-a} = 2\pi i
f(z) = \sum_{n=0}^{\infty} \frac{f^{(n)}(a)}{n!}(z-a)^n
\int_{0}^{\infty} x^{n} e^{-x} dx = n!
\int_{-\infty}^{\infty} e^{-ax^2} dx = \sqrt{\frac{\pi}{a}}
\int_{0}^{\infty} e^{-ax} \sin(bx) dx = \frac{b}{a^2 + b^2}
\int_{0}^{\infty} e^{-ax} \cos(bx) dx = \frac{a}{a^2 + b^2}
\int_{0}^{\pi} \sin(nx) \sin(mx) dx = \frac{\pi}{2} \delta_{nm}
\int_{0}^{\pi} \cos(nx) \cos(mx) dx = \frac{\pi}{2} \delta_{nm}
\int_{0}^{\pi} \sin(nx) \cos(mx) dx = 0
\int_{0}^{2\pi} e^{inx} e^{-imx} dx = 2\pi \delta_{nm}
P(X=k) = \binom{n}{k} p^k (1-p)^{n-k}
E[X] = \sum_{i} x_i P(X=x_i)
\mathrm{Var}(X) = E[X^2] - E[X]^2
P(X \leq x) = \int_{-\infty}^{x} f(t) dt
f(x) = \frac{1}{\sqrt{2\pi}\sigma}e^{-\frac{(x-\mu)^2}{2\sigma^2}}
\rho_{XY} = \frac{\mathrm{Cov}(X,Y)}{\sigma_X \sigma_Y}
H(X) = -\sum_{i} P(X=x_i) \log P(X=x_i)
I(X;Y) = H(X) - H(X|Y)
A \otimes B = \begin{pmatrix} a_{11}B & \cdots & a_{1n}B \\ \vdots & \ddots & \vdots \\ a_{m1}B & \cdots & a_{mn}B \end{pmatrix}
\frac{\partial}{\partial x_j}\left(\frac{\partial L}{\partial \dot{q}_i}\right) - \frac{\partial L}{\partial q_i} = 0
R_{\mu\nu} - \frac{1}{2}g_{\mu\nu}R + \Lambda g_{\mu\nu} = \frac{8\pi G}{c^4}T_{\mu\nu}
i\hbar\frac{\partial}{\partial t}\Psi(\mathbf{r},t) = \hat{H}\Psi(\mathbf{r},t)
\hat{H} = -\frac{\hbar^2}{2m}\nabla^2 + V(\mathbf{r})
[\hat{x},\hat{p}] = i\hbar
F_{\mu\nu} = \partial_\mu A_\nu - \partial_\nu A_\mu
\mathcal{D}_\mu = \partial_\mu - ig A_\mu
ds^2 = g_{\mu\nu}dx^{\mu}dx^{\nu}
\nabla_\mu T^{\mu\nu} = 0
\phi(x+a) = e^{ia\cdot p}\phi(x)e^{-ia\cdot p}
Z = \int \mathcal{D}\phi \, e^{iS[\phi]}
S = \int d^4x \, \mathcal{L}(\phi,\partial_\mu\phi)
\mathcal{L} = \frac{1}{2}(\partial_\mu\phi)(\partial^\mu\phi) - V(\phi)
\frac{d}{dt}\frac{\partial L}{\partial \dot{q}_i} - \frac{\partial L}{\partial q_i} = 0
\left. \frac{d}{d\epsilon} S[\gamma + \epsilon \delta\gamma] \right|_{\epsilon=0} = 0
\Gamma^\lambda_{\mu\nu} = \frac{1}{2}g^{\lambda\sigma}\left(\partial_\mu g_{\sigma\nu} + \partial_\nu g_{\sigma\mu} - \partial_\sigma g_{\mu\nu}\right)
R^\rho_{\sigma\mu\nu} = \partial_\mu\Gamma^\rho_{\nu\sigma} - \partial_\nu\Gamma^\rho_{\mu\sigma} + \Gamma^\rho_{\mu\lambda}\Gamma^\lambda_{\nu\sigma} - \Gamma^\rho_{\nu\lambda}\Gamma^\lambda_{\mu\sigma}
R_{\mu\nu} = R^\lambda_{\mu\lambda\nu}
R = g^{\mu\nu}R_{\mu\nu}
\Box\phi = \frac{1}{\sqrt{-g}}\partial_\mu\left(\sqrt{-g}g^{\mu\nu}\partial_\nu\phi\right)
F = ma
E = mc^2
p = \frac{h}{\lambda}
E = h\nu
F = G\frac{m_1 m_2}{r^2}
V = IR
P = VI
E = \frac{1}{2}mv^2
E_p = mgh
W = F \cdot d
P = \frac{W}{t}
F = \frac{dp}{dt}
v = \frac{dx}{dt}
a = \frac{dv}{dt}
F = -kx
E = \frac{p^2}{2m} + V
\omega = \frac{d\theta}{dt}
\alpha = \frac{d\omega}{dt}
T = 2\pi\sqrt{\frac{L}{g}}
f = \frac{1}{T}
\lambda = \frac{v}{f}
v = \lambda f
p = mv
L = I\omega
T = I\alpha
L = r \times p
\tau = r \times F
KE = \frac{1}{2}I\omega^2
\vec{F} = q\vec{E} + q\vec{v} \times \vec{B}
\vec{E} = -\nabla V - \frac{\partial \vec{A}}{\partial t}
\vec{B} = \nabla \times \vec{A}
\nabla \cdot \vec{E} = \frac{\rho}{\epsilon_0}
\nabla \cdot \vec{B} = 0
\nabla \times \vec{E} = -\frac{\partial \vec{B}}{\partial t}
\nabla \times \vec{B} = \mu_0 \vec{J} + \mu_0 \epsilon_0 \frac{\partial \vec{E}}{\partial t}
\nabla^2 V = -\frac{\rho}{\epsilon_0}
\vec{S} = \frac{1}{\mu_0}\vec{E} \times \vec{B}
U = \frac{1}{2}\epsilon_0 E^2 + \frac{1}{2\mu_0}B^2
\frac{\partial \psi}{\partial t} = \frac{i\hbar}{2m}\nabla^2 \psi - \frac{i}{\hbar}V\psi
\hat{H}|n\rangle = E_n|n\rangle
\langle m | n \rangle = \delta_{mn}
\sum_n |n\rangle\langle n| = 1
\psi(x) = \sum_n c_n \phi_n(x)
|\psi\rangle = \sum_n c_n |n\rangle
\langle A \rangle = \langle \psi | \hat{A} | \psi \rangle
\Delta A = \sqrt{\langle A^2 \rangle - \langle A \rangle^2}
\frac{d\langle A \rangle}{dt} = \frac{1}{i\hbar}\langle [A, H] \rangle + \left\langle \frac{\partial A}{\partial t} \right\rangle
Z = \sum_n e^{-\beta E_n}
F = -kT \ln Z
S = -k\sum_i p_i \ln p_i
dS = \frac{dQ}{T}
dU = dQ + dW
dW = -pdV
dG = -SdT + Vdp
dA = -SdT - pdV
G = H - TS
A = U - TS
H = U + pV
C_p = \left( \frac{\partial H}{\partial T} \right)_p
C_v = \left( \frac{\partial U}{\partial T} \right)_v
\left( \frac{\partial U}{\partial V} \right)_T = T\left( \frac{\partial p}{\partial T} \right)_V - p
\left( \frac{\partial H}{\partial p} \right)_T = V - T\left( \frac{\partial V}{\partial T} \right)_p
TdS = dU + pdV
TdS = dH - Vdp
\left( \frac{\partial T}{\partial p} \right)_H = \frac{V}{C_p}\left( 1 - T\left( \frac{\partial V}{\partial T} \right)_p \right)
v^2 = v_0^2 + 2a(x-x_0)
x = x_0 + v_0 t + \frac{1}{2}at^2
v = v_0 + at
F_{net} = \sum F_i
\vec{F}_{12} = -\vec{F}_{21}
E_i + W = E_f
KE_i + PE_i + W_{nc} = KE_f + PE_f
\frac{m_1 v_1 + m_2 v_2}{m_1 + m_2} = v_{cm}
p_i = p_f
m_1 v_{1i} + m_2 v_{2i} = m_1 v_{1f} + m_2 v_{2f}
e = \frac{v_{2f} - v_{1f}}{v_{1i} - v_{2i}}
\frac{1}{2}m_1 v_{1i}^2 + \frac{1}{2}m_2 v_{2i}^2 = \frac{1}{2}m_1 v_{1f}^2 + \frac{1}{2}m_2 v_{2f}^2
\frac{dN}{dt} = -\lambda N
N = N_0 e^{-\lambda t}
t_{1/2} = \frac{\ln 2}{\lambda}
\frac{dN_1}{dt} = -\lambda_1 N_1
\frac{dN_2}{dt} = \lambda_1 N_1 - \lambda_2 N_2
E = mc^2 - m_0 c^2
PV = nRT
\frac{P_1 V_1}{T_1} = \frac{P_2 V_2}{T_2}
P_1 V_1 = P_2 V_2
\frac{P_1}{P_2} = \left( \frac{V_2}{V_1} \right)^\gamma
TV^{\gamma-1} = \text{constant}
\eta = 1 - \frac{T_c}{T_h}
W = \oint p \, dV
\Delta S = \int \frac{dQ}{T}
